C:\Users\namit\OneDrive\Desktop\hackthon\Project-mutualfunds\MutualFund\src\main\java\com\klu\config\GlobalExceptionHandler.java
C:\Users\namit\OneDrive\Desktop\hackthon\Project-mutualfunds\MutualFund\src\main\java\com\klu\controller\AnalyticsController.java
C:\Users\namit\OneDrive\Desktop\hackthon\Project-mutualfunds\MutualFund\src\main\java\com\klu\controller\AuthController.java
C:\Users\namit\OneDrive\Desktop\hackthon\Project-mutualfunds\MutualFund\src\main\java\com\klu\controller\InvestmentController.java
C:\Users\namit\OneDrive\Desktop\hackthon\Project-mutualfunds\MutualFund\src\main\java\com\klu\controller\MutualFundController.java
C:\Users\namit\OneDrive\Desktop\hackthon\Project-mutualfunds\MutualFund\src\main\java\com\klu\controller\RecommendationController.java
C:\Users\namit\OneDrive\Desktop\hackthon\Project-mutualfunds\MutualFund\src\main\java\com\klu\controller\UserController.java
C:\Users\namit\OneDrive\Desktop\hackthon\Project-mutualfunds\MutualFund\src\main\java\com\klu\dto\ApiResponse.java
C:\Users\namit\OneDrive\Desktop\hackthon\Project-mutualfunds\MutualFund\src\main\java\com\klu\dto\AuthResponseDTO.java
C:\Users\namit\OneDrive\Desktop\hackthon\Project-mutualfunds\MutualFund\src\main\java\com\klu\dto\DashboardStatsDTO.java
C:\Users\namit\OneDrive\Desktop\hackthon\Project-mutualfunds\MutualFund\src\main\java\com\klu\dto\InvestmentRequestDTO.java
C:\Users\namit\OneDrive\Desktop\hackthon\Project-mutualfunds\MutualFund\src\main\java\com\klu\dto\InvestmentResponseDTO.java
C:\Users\namit\OneDrive\Desktop\hackthon\Project-mutualfunds\MutualFund\src\main\java\com\klu\dto\LoginRequestDTO.java
C:\Users\namit\OneDrive\Desktop\hackthon\Project-mutualfunds\MutualFund\src\main\java\com\klu\dto\MonthlyReportDTO.java
C:\Users\namit\OneDrive\Desktop\hackthon\Project-mutualfunds\MutualFund\src\main\java\com\klu\dto\MutualFundRequestDTO.java
C:\Users\namit\OneDrive\Desktop\hackthon\Project-mutualfunds\MutualFund\src\main\java\com\klu\dto\MutualFundResponseDTO.java
C:\Users\namit\OneDrive\Desktop\hackthon\Project-mutualfunds\MutualFund\src\main\java\com\klu\dto\package-info.java
C:\Users\namit\OneDrive\Desktop\hackthon\Project-mutualfunds\MutualFund\src\main\java\com\klu\dto\RecommendationDTO.java
C:\Users\namit\OneDrive\Desktop\hackthon\Project-mutualfunds\MutualFund\src\main\java\com\klu\dto\RegisterRequestDTO.java
C:\Users\namit\OneDrive\Desktop\hackthon\Project-mutualfunds\MutualFund\src\main\java\com\klu\dto\RiskReturnDTO.java
C:\Users\namit\OneDrive\Desktop\hackthon\Project-mutualfunds\MutualFund\src\main\java\com\klu\dto\TopFundDTO.java
C:\Users\namit\OneDrive\Desktop\hackthon\Project-mutualfunds\MutualFund\src\main\java\com\klu\dto\TotalInvestmentDTO.java
C:\Users\namit\OneDrive\Desktop\hackthon\Project-mutualfunds\MutualFund\src\main\java\com\klu\dto\UserResponseDTO.java
C:\Users\namit\OneDrive\Desktop\hackthon\Project-mutualfunds\MutualFund\src\main\java\com\klu\entity\Investment.java
C:\Users\namit\OneDrive\Desktop\hackthon\Project-mutualfunds\MutualFund\src\main\java\com\klu\entity\MutualFund.java
C:\Users\namit\OneDrive\Desktop\hackthon\Project-mutualfunds\MutualFund\src\main\java\com\klu\entity\User.java
C:\Users\namit\OneDrive\Desktop\hackthon\Project-mutualfunds\MutualFund\src\main\java\com\klu\exception\BadRequestException.java
C:\Users\namit\OneDrive\Desktop\hackthon\Project-mutualfunds\MutualFund\src\main\java\com\klu\exception\DuplicateResourceException.java
C:\Users\namit\OneDrive\Desktop\hackthon\Project-mutualfunds\MutualFund\src\main\java\com\klu\exception\ErrorResponse.java
C:\Users\namit\OneDrive\Desktop\hackthon\Project-mutualfunds\MutualFund\src\main\java\com\klu\exception\package-info.java
C:\Users\namit\OneDrive\Desktop\hackthon\Project-mutualfunds\MutualFund\src\main\java\com\klu\exception\ResourceNotFoundException.java
C:\Users\namit\OneDrive\Desktop\hackthon\Project-mutualfunds\MutualFund\src\main\java\com\klu\exception\UnauthorizedAccessException.java
C:\Users\namit\OneDrive\Desktop\hackthon\Project-mutualfunds\MutualFund\src\main\java\com\klu\MutualFundApplication.java
C:\Users\namit\OneDrive\Desktop\hackthon\Project-mutualfunds\MutualFund\src\main\java\com\klu\repository\InvestmentRepository.java
C:\Users\namit\OneDrive\Desktop\hackthon\Project-mutualfunds\MutualFund\src\main\java\com\klu\repository\MonthlyInvestmentProjection.java
C:\Users\namit\OneDrive\Desktop\hackthon\Project-mutualfunds\MutualFund\src\main\java\com\klu\repository\MutualFundRepository.java
C:\Users\namit\OneDrive\Desktop\hackthon\Project-mutualfunds\MutualFund\src\main\java\com\klu\repository\UserRepository.java
C:\Users\namit\OneDrive\Desktop\hackthon\Project-mutualfunds\MutualFund\src\main\java\com\klu\security\CustomUserDetailsService.java
C:\Users\namit\OneDrive\Desktop\hackthon\Project-mutualfunds\MutualFund\src\main\java\com\klu\security\JwtAuthenticationFilter.java
C:\Users\namit\OneDrive\Desktop\hackthon\Project-mutualfunds\MutualFund\src\main\java\com\klu\security\JwtUtil.java
C:\Users\namit\OneDrive\Desktop\hackthon\Project-mutualfunds\MutualFund\src\main\java\com\klu\security\SecurityConfig.java
C:\Users\namit\OneDrive\Desktop\hackthon\Project-mutualfunds\MutualFund\src\main\java\com\klu\service\AnalyticsService.java
C:\Users\namit\OneDrive\Desktop\hackthon\Project-mutualfunds\MutualFund\src\main\java\com\klu\service\AuthService.java
C:\Users\namit\OneDrive\Desktop\hackthon\Project-mutualfunds\MutualFund\src\main\java\com\klu\service\InvestmentService.java
C:\Users\namit\OneDrive\Desktop\hackthon\Project-mutualfunds\MutualFund\src\main\java\com\klu\service\MutualFundService.java
C:\Users\namit\OneDrive\Desktop\hackthon\Project-mutualfunds\MutualFund\src\main\java\com\klu\service\RecommendationService.java
C:\Users\namit\OneDrive\Desktop\hackthon\Project-mutualfunds\MutualFund\src\main\java\com\klu\service\UserService.java
C:\Users\namit\OneDrive\Desktop\hackthon\Project-mutualfunds\MutualFund\src\main\java\com\klu\util\FinanceUtil.java
C:\Users\namit\OneDrive\Desktop\hackthon\Project-mutualfunds\MutualFund\src\main\java\com\klu\util\MappingUtil.java
C:\Users\namit\OneDrive\Desktop\hackthon\Project-mutualfunds\MutualFund\src\main\java\com\klu\util\package-info.java
C:\Users\namit\OneDrive\Desktop\hackthon\Project-mutualfunds\MutualFund\src\main\java\com\klu\util\SecurityUtil.java
